2026-05-11 10:54:01.785 [Test worker] INFO  p.g.m.r.MsaServiceRecaudacionIntegrationTest - Starting MsaServiceRecaudacionIntegrationTest using Java 25.0.2 with PID 21516 (started by USER in D:\Proyecto\MEF\03-dev\_msa-arquetipo-Inter-SUNAT\msa-service-recaudacion)
2026-05-11 10:54:01.792 [Test worker] INFO  p.g.m.r.MsaServiceRecaudacionIntegrationTest - No active profile set, falling back to 1 default profile: "default"
2026-05-11 10:54:04.302 [Test worker] INFO  o.s.boot.tomcat.TomcatWebServer - Tomcat initialized with port 0 (http)
2026-05-11 10:54:04.323 [Test worker] INFO  o.a.coyote.http11.Http11NioProtocol - Initializing ProtocolHandler ["http-nio-auto-1"]
2026-05-11 10:54:04.327 [Test worker] INFO  o.a.catalina.core.StandardService - Starting service [Tomcat]
2026-05-11 10:54:04.327 [Test worker] INFO  o.a.catalina.core.StandardEngine - Starting Servlet engine: [Apache Tomcat/11.0.14]
2026-05-11 10:54:04.428 [Test worker] INFO  o.s.b.w.c.s.WebApplicationContextInitializer - Root WebApplicationContext: initialization completed in 2573 ms
2026-05-11 10:54:05.919 [Test worker] INFO  o.s.v.b.OptionalValidatorFactoryBean - Failed to set up a Bean Validation provider: jakarta.validation.NoProviderFoundException: Unable to create a Configuration, because no Jakarta Validation provider could be found. Add a provider like Hibernate Validator (RI) to your classpath.
2026-05-11 10:54:06.333 [Test worker] INFO  o.a.coyote.http11.Http11NioProtocol - Starting ProtocolHandler ["http-nio-auto-1"]
2026-05-11 10:54:06.367 [Test worker] INFO  o.s.boot.tomcat.TomcatWebServer - Tomcat started on port 63947 (http) with context path '/'
2026-05-11 10:54:06.381 [Test worker] INFO  p.g.m.r.MsaServiceRecaudacionIntegrationTest - Started MsaServiceRecaudacionIntegrationTest in 5.433 seconds (process running for 7.881)
2026-05-11 10:54:07.579 [http-nio-auto-1-exec-3] INFO  o.a.c.c.C.[Tomcat].[localhost].[/] - Initializing Spring DispatcherServlet 'dispatcherServlet'
2026-05-11 10:54:08.421 [http-nio-auto-1-exec-7] INFO  p.g.m.r.i.o.f.ReporteRecaudacionFileWriter - [analisis] REPORTE_RECAUDACION guardado en .\data\reportes-recibidos.jsonl
2026-05-11 10:54:09.032 [Test worker] INFO  o.s.t.c.s.AnnotationConfigContextLoaderUtils - Could not detect default configuration classes for test class [pe.gob.mef.recaudacion.infrastructure.in.web.ReporteRecaudacionControllerTest]: ReporteRecaudacionControllerTest does not declare any static, non-private, non-final, nested classes annotated with @Configuration.
2026-05-11 10:54:09.187 [Test worker] INFO  o.s.b.t.c.SpringBootTestContextBootstrapper - Found @SpringBootConfiguration pe.gob.mef.recaudacion.MsaServiceRecaudacionApplication for test class pe.gob.mef.recaudacion.infrastructure.in.web.ReporteRecaudacionControllerTest
2026-05-11 10:54:09.284 [Test worker] INFO  p.g.m.r.i.i.w.ReporteRecaudacionControllerTest - Starting ReporteRecaudacionControllerTest using Java 25.0.2 with PID 21516 (started by USER in D:\Proyecto\MEF\03-dev\_msa-arquetipo-Inter-SUNAT\msa-service-recaudacion)
2026-05-11 10:54:09.286 [Test worker] INFO  p.g.m.r.i.i.w.ReporteRecaudacionControllerTest - No active profile set, falling back to 1 default profile: "default"
2026-05-11 10:54:10.494 [virtual-71] INFO  p.g.m.r.i.o.f.ReporteRecaudacionFileWriter - [analisis] Excel actualizado: .\data\reportes.xlsx (3 RR, 0 ND)
2026-05-11 10:54:10.966 [Test worker] INFO  o.s.v.b.OptionalValidatorFactoryBean - Failed to set up a Bean Validation provider: jakarta.validation.NoProviderFoundException: Unable to create a Configuration, because no Jakarta Validation provider could be found. Add a provider like Hibernate Validator (RI) to your classpath.
2026-05-11 10:54:11.081 [Test worker] INFO  p.g.m.r.i.i.w.ReporteRecaudacionControllerTest - Started ReporteRecaudacionControllerTest in 1.88 seconds (process running for 12.581)
2026-05-11 10:54:11.111 [Test worker] INFO  o.s.b.t.m.w.SpringBootMockServletContext - Initializing Spring TestDispatcherServlet ''
2026-05-11 10:54:11.111 [Test worker] INFO  o.s.t.w.s.TestDispatcherServlet - Initializing Servlet ''
2026-05-11 10:54:11.112 [Test worker] INFO  o.s.t.w.s.TestDispatcherServlet - Completed initialization in 1 ms
2026-05-11 10:54:11.165 [Test worker] INFO  p.g.m.r.i.o.f.ReporteRecaudacionFileWriter - [analisis] REPORTE_RECAUDACION guardado en .\data\reportes-recibidos.jsonl
2026-05-11 10:54:11.313 [Test worker] INFO  o.s.b.t.m.w.SpringBootMockServletContext - Initializing Spring TestDispatcherServlet ''
2026-05-11 10:54:11.313 [Test worker] INFO  o.s.t.w.s.TestDispatcherServlet - Initializing Servlet ''
2026-05-11 10:54:11.315 [Test worker] INFO  o.s.t.w.s.TestDispatcherServlet - Completed initialization in 1 ms
2026-05-11 10:54:11.324 [virtual-84] INFO  p.g.m.r.i.o.f.ReporteRecaudacionFileWriter - [analisis] Excel actualizado: .\data\reportes.xlsx (4 RR, 0 ND)
2026-05-11 10:54:11.327 [Test worker] INFO  o.s.b.t.m.w.SpringBootMockServletContext - Initializing Spring TestDispatcherServlet ''
2026-05-11 10:54:11.327 [Test worker] INFO  o.s.t.w.s.TestDispatcherServlet - Initializing Servlet ''
2026-05-11 10:54:11.328 [Test worker] INFO  o.s.t.w.s.TestDispatcherServlet - Completed initialization in 1 ms
2026-05-11 10:54:11.362 [Test worker] INFO  o.s.b.t.m.w.SpringBootMockServletContext - Initializing Spring TestDispatcherServlet ''
2026-05-11 10:54:11.363 [Test worker] INFO  o.s.t.w.s.TestDispatcherServlet - Initializing Servlet ''
2026-05-11 10:54:11.363 [Test worker] INFO  o.s.t.w.s.TestDispatcherServlet - Completed initialization in 0 ms
2026-05-11 10:54:11.424 [SpringApplicationShutdownHook] INFO  o.s.boot.tomcat.GracefulShutdown - Commencing graceful shutdown. Waiting for active requests to complete
2026-05-11 10:54:11.438 [tomcat-shutdown] INFO  o.s.boot.tomcat.GracefulShutdown - Graceful shutdown complete
2026-05-11 11:39:11.788 [main] INFO  p.g.m.r.MsaServiceRecaudacionApplication - Starting MsaServiceRecaudacionApplication using Java 25.0.2 with PID 20912 (D:\Proyecto\MEF\03-dev\_msa-arquetipo-Inter-SUNAT\msa-service-recaudacion\build\classes\java\main started by USER in D:\Proyecto\MEF\03-dev\_msa-arquetipo-Inter-SUNAT\msa-service-recaudacion)
2026-05-11 11:39:11.794 [main] INFO  p.g.m.r.MsaServiceRecaudacionApplication - No active profile set, falling back to 1 default profile: "default"
2026-05-11 11:39:13.411 [main] INFO  o.s.boot.tomcat.TomcatWebServer - Tomcat initialized with port 443 (http)
2026-05-11 11:39:13.423 [main] INFO  o.a.coyote.http11.Http11NioProtocol - Initializing ProtocolHandler ["http-nio-443"]
2026-05-11 11:39:13.425 [main] INFO  o.a.catalina.core.StandardService - Starting service [Tomcat]
2026-05-11 11:39:13.426 [main] INFO  o.a.catalina.core.StandardEngine - Starting Servlet engine: [Apache Tomcat/11.0.14]
2026-05-11 11:39:13.478 [main] INFO  o.s.b.w.c.s.WebApplicationContextInitializer - Root WebApplicationContext: initialization completed in 1600 ms
2026-05-11 11:39:14.859 [main] INFO  o.s.v.b.OptionalValidatorFactoryBean - Failed to set up a Bean Validation provider: jakarta.validation.NoProviderFoundException: Unable to create a Configuration, because no Jakarta Validation provider could be found. Add a provider like Hibernate Validator (RI) to your classpath.
2026-05-11 11:39:15.109 [main] INFO  o.a.coyote.http11.Http11NioProtocol - Starting ProtocolHandler ["http-nio-443"]
2026-05-11 11:39:15.179 [main] INFO  o.s.boot.tomcat.TomcatWebServer - Tomcat started on port 443 (http) with context path '/'
2026-05-11 11:39:15.188 [main] INFO  p.g.m.r.MsaServiceRecaudacionApplication - Started MsaServiceRecaudacionApplication in 4.073 seconds (process running for 4.462)
2026-05-11 11:40:20.373 [http-nio-443-exec-1] INFO  o.a.tomcat.util.http.parser.Cookie - A cookie header was received [g_state={"i_l":0,"i_ll":1778387221528,"i_e":{"enable_itp_optimization":23},"i_et":1778133609885,"i_b":"DXW3Yop/N3aerap7fSbVpiLSyr0GQ6Oiu4aHIgptaiE"}] that contained an invalid cookie. That cookie will be ignored.
 Note: further occurrences of this error will be logged at DEBUG level.
2026-05-11 11:40:20.381 [http-nio-443-exec-1] INFO  o.a.c.c.C.[Tomcat].[localhost].[/] - Initializing Spring DispatcherServlet 'dispatcherServlet'
2026-05-11 11:40:21.674 [http-nio-443-exec-8] INFO  o.s.api.AbstractOpenApiResource - Init duration for springdoc-openapi is: 534 ms
2026-05-11 12:04:05.589 [http-nio-443-exec-9] INFO  o.s.api.AbstractOpenApiResource - Init duration for springdoc-openapi is: 200 ms
2026-05-11 12:10:51.580 [main] INFO  p.g.m.r.MsaServiceRecaudacionApplication - Starting MsaServiceRecaudacionApplication using Java 25.0.2 with PID 3512 (D:\Proyecto\MEF\03-dev\_msa-arquetipo-Inter-SUNAT\msa-service-recaudacion\build\classes\java\main started by USER in D:\Proyecto\MEF\03-dev\_msa-arquetipo-Inter-SUNAT\msa-service-recaudacion)
2026-05-11 12:10:51.583 [main] INFO  p.g.m.r.MsaServiceRecaudacionApplication - No active profile set, falling back to 1 default profile: "default"
2026-05-11 12:10:52.576 [main] INFO  o.s.boot.tomcat.TomcatWebServer - Tomcat initialized with port 443 (http)
2026-05-11 12:10:52.586 [main] INFO  o.a.coyote.http11.Http11NioProtocol - Initializing ProtocolHandler ["http-nio-443"]
2026-05-11 12:10:52.588 [main] INFO  o.a.catalina.core.StandardService - Starting service [Tomcat]
2026-05-11 12:10:52.589 [main] INFO  o.a.catalina.core.StandardEngine - Starting Servlet engine: [Apache Tomcat/11.0.14]
2026-05-11 12:10:52.639 [main] INFO  o.s.b.w.c.s.WebApplicationContextInitializer - Root WebApplicationContext: initialization completed in 1016 ms
2026-05-11 12:10:53.640 [main] INFO  o.s.v.b.OptionalValidatorFactoryBean - Failed to set up a Bean Validation provider: jakarta.validation.NoProviderFoundException: Unable to create a Configuration, because no Jakarta Validation provider could be found. Add a provider like Hibernate Validator (RI) to your classpath.
2026-05-11 12:10:53.857 [main] INFO  o.a.coyote.http11.Http11NioProtocol - Starting ProtocolHandler ["http-nio-443"]
2026-05-11 12:10:53.879 [main] INFO  o.s.boot.tomcat.TomcatWebServer - Tomcat started on port 443 (http) with context path '/'
2026-05-11 12:10:53.885 [main] INFO  p.g.m.r.MsaServiceRecaudacionApplication - Started MsaServiceRecaudacionApplication in 2.807 seconds (process running for 3.141)
2026-05-11 12:12:24.850 [http-nio-443-exec-1] INFO  o.a.tomcat.util.http.parser.Cookie - A cookie header was received [g_state={"i_l":0,"i_ll":1778387221528,"i_e":{"enable_itp_optimization":23},"i_et":1778133609885,"i_b":"DXW3Yop/N3aerap7fSbVpiLSyr0GQ6Oiu4aHIgptaiE"}] that contained an invalid cookie. That cookie will be ignored.
 Note: further occurrences of this error will be logged at DEBUG level.
2026-05-11 12:12:24.857 [http-nio-443-exec-1] INFO  o.a.c.c.C.[Tomcat].[localhost].[/] - Initializing Spring DispatcherServlet 'dispatcherServlet'
2026-05-11 12:12:26.129 [http-nio-443-exec-9] INFO  o.s.api.AbstractOpenApiResource - Init duration for springdoc-openapi is: 614 ms
2026-05-11 12:22:06.444 [http-nio-443-exec-6] WARN  p.g.m.r.a.u.ProcesarConciliacionUseCaseImpl - [conciliacion] Llamada recibida fuera de la ventana horaria permitida (00:00-00:30). Hora actual: 12:22:06.444982700. En producción esta solicitud sería rechazada.
2026-05-11 12:22:06.789 [http-nio-443-exec-6] INFO  p.g.m.r.i.o.f.ConciliacionFileWriter - [conciliacion] Metadatos registrados en .\data\conciliaciones-recibidas.jsonl – archivo: ACR_MEF_SUNAT_20260511.txt, lineas: 12
2026-05-11 12:22:06.793 [virtual-62] INFO  p.g.m.r.i.o.f.ConciliacionFileWriter - [conciliacion] Archivo plano guardado: .\data\conciliaciones\ACR_MEF_SUNAT_20260511.txt (672 bytes)
2026-05-11 12:27:06.619 [main] INFO  p.g.m.r.MsaServiceRecaudacionApplication - Starting MsaServiceRecaudacionApplication using Java 25.0.2 with PID 41368 (D:\Proyecto\MEF\03-dev\_msa-arquetipo-Inter-SUNAT\msa-service-recaudacion\build\classes\java\main started by USER in D:\Proyecto\MEF\03-dev\_msa-arquetipo-Inter-SUNAT\msa-service-recaudacion)
2026-05-11 12:27:06.622 [main] INFO  p.g.m.r.MsaServiceRecaudacionApplication - No active profile set, falling back to 1 default profile: "default"
2026-05-11 12:27:07.742 [main] INFO  o.s.boot.tomcat.TomcatWebServer - Tomcat initialized with port 443 (http)
2026-05-11 12:27:07.755 [main] INFO  o.a.coyote.http11.Http11NioProtocol - Initializing ProtocolHandler ["http-nio-443"]
2026-05-11 12:27:07.756 [main] INFO  o.a.catalina.core.StandardService - Starting service [Tomcat]
2026-05-11 12:27:07.757 [main] INFO  o.a.catalina.core.StandardEngine - Starting Servlet engine: [Apache Tomcat/11.0.14]
2026-05-11 12:27:07.809 [main] INFO  o.s.b.w.c.s.WebApplicationContextInitializer - Root WebApplicationContext: initialization completed in 1147 ms
2026-05-11 12:27:09.521 [main] INFO  o.s.v.b.OptionalValidatorFactoryBean - Failed to set up a Bean Validation provider: jakarta.validation.NoProviderFoundException: Unable to create a Configuration, because no Jakarta Validation provider could be found. Add a provider like Hibernate Validator (RI) to your classpath.
2026-05-11 12:27:09.746 [main] INFO  o.a.coyote.http11.Http11NioProtocol - Starting ProtocolHandler ["http-nio-443"]
2026-05-11 12:27:09.766 [main] INFO  o.s.boot.tomcat.TomcatWebServer - Tomcat started on port 443 (http) with context path '/'
2026-05-11 12:27:09.773 [main] INFO  p.g.m.r.MsaServiceRecaudacionApplication - Started MsaServiceRecaudacionApplication in 3.757 seconds (process running for 4.587)
2026-05-11 14:04:44.804 [main] INFO  p.g.m.r.MsaServiceRecaudacionApplication - Starting MsaServiceRecaudacionApplication using Java 25.0.2 with PID 44580 (D:\Proyecto\MEF\03-dev\_msa-arquetipo-Inter-SUNAT\msa-service-recaudacion\build\classes\java\main started by USER in D:\Proyecto\MEF\03-dev\_msa-arquetipo-Inter-SUNAT\msa-service-recaudacion)
2026-05-11 14:04:44.807 [main] INFO  p.g.m.r.MsaServiceRecaudacionApplication - No active profile set, falling back to 1 default profile: "default"
2026-05-11 14:04:45.854 [main] INFO  o.s.boot.tomcat.TomcatWebServer - Tomcat initialized with port 443 (http)
2026-05-11 14:04:45.866 [main] INFO  o.a.coyote.http11.Http11NioProtocol - Initializing ProtocolHandler ["http-nio-443"]
2026-05-11 14:04:45.868 [main] INFO  o.a.catalina.core.StandardService - Starting service [Tomcat]
2026-05-11 14:04:45.868 [main] INFO  o.a.catalina.core.StandardEngine - Starting Servlet engine: [Apache Tomcat/11.0.14]
2026-05-11 14:04:45.925 [main] INFO  o.s.b.w.c.s.WebApplicationContextInitializer - Root WebApplicationContext: initialization completed in 1074 ms
2026-05-11 14:04:47.189 [main] INFO  o.s.v.b.OptionalValidatorFactoryBean - Failed to set up a Bean Validation provider: jakarta.validation.NoProviderFoundException: Unable to create a Configuration, because no Jakarta Validation provider could be found. Add a provider like Hibernate Validator (RI) to your classpath.
2026-05-11 14:04:47.418 [main] INFO  o.a.coyote.http11.Http11NioProtocol - Starting ProtocolHandler ["http-nio-443"]
2026-05-11 14:04:47.440 [main] INFO  o.s.boot.tomcat.TomcatWebServer - Tomcat started on port 443 (http) with context path '/'
2026-05-11 14:04:47.446 [main] INFO  p.g.m.r.MsaServiceRecaudacionApplication - Started MsaServiceRecaudacionApplication in 3.164 seconds (process running for 3.517)
2026-05-11 14:12:28.893 [http-nio-443-exec-1] INFO  o.a.c.c.C.[Tomcat].[localhost].[/] - Initializing Spring DispatcherServlet 'dispatcherServlet'
2026-05-11 14:12:39.882 [http-nio-443-exec-5] INFO  o.s.api.AbstractOpenApiResource - Init duration for springdoc-openapi is: 538 ms
2026-05-11 14:17:35.114 [http-nio-443-exec-9] WARN  p.g.m.r.a.u.ProcesarConciliacionUseCaseImpl - [conciliacion] Llamada recibida fuera de la ventana horaria permitida (00:00-00:30). Hora actual: 14:17:35.114765700. En producción esta solicitud sería rechazada.
2026-05-11 14:17:35.115 [http-nio-443-exec-9] WARN  p.g.m.r.a.u.ProcesarConciliacionUseCaseImpl - [conciliacion] No se pudo decodificar base64 para contar líneas: Last unit does not have enough valid bits
2026-05-11 14:17:35.118 [http-nio-443-exec-9] INFO  p.g.m.r.i.o.f.ConciliacionFileWriter - [conciliacion] Metadatos registrados en .\data\conciliaciones-recibidas.jsonl – archivo: ACR_MEF_SUNAT_20260511.txt, lineas: 0
2026-05-11 14:17:35.124 [virtual-61] WARN  p.g.m.r.i.o.f.ConciliacionFileWriter - [conciliacion] Contenido base64 inválido para archivo ACR_MEF_SUNAT_20260511.txt: Last unit does not have enough valid bits
2026-05-11 14:17:41.888 [http-nio-443-exec-8] WARN  p.g.m.r.a.u.ProcesarConciliacionUseCaseImpl - [conciliacion] Llamada recibida fuera de la ventana horaria permitida (00:00-00:30). Hora actual: 14:17:41.888229100. En producción esta solicitud sería rechazada.
2026-05-11 14:17:41.900 [http-nio-443-exec-8] INFO  p.g.m.r.i.o.f.ConciliacionFileWriter - [conciliacion] Metadatos registrados en .\data\conciliaciones-recibidas.jsonl – archivo: ACR_MEF_SUNAT_20260511.txt, lineas: 1
2026-05-11 14:17:41.903 [virtual-64] INFO  p.g.m.r.i.o.f.ConciliacionFileWriter - [conciliacion] Archivo plano guardado: .\data\conciliaciones\ACR_MEF_SUNAT_20260511.txt (8 bytes)
2026-05-11 14:17:50.280 [http-nio-443-exec-3] WARN  p.g.m.r.a.u.ProcesarConciliacionUseCaseImpl - [conciliacion] Llamada recibida fuera de la ventana horaria permitida (00:00-00:30). Hora actual: 14:17:50.280781. En producción esta solicitud sería rechazada.
2026-05-11 14:17:50.280 [http-nio-443-exec-3] WARN  p.g.m.r.a.u.ProcesarConciliacionUseCaseImpl - [conciliacion] No se pudo decodificar base64 para contar líneas: Cannot invoke "String.getBytes(java.nio.charset.Charset)" because "src" is null
2026-05-11 14:17:50.280 [http-nio-443-exec-3] INFO  p.g.m.r.i.o.f.ConciliacionFileWriter - [conciliacion] Metadatos registrados en .\data\conciliaciones-recibidas.jsonl – archivo: ACR_MEF_SUNAT_20260511.txt, lineas: 0
2026-05-11 14:21:40.544 [main] INFO  p.g.m.r.MsaServiceRecaudacionApplication - Starting MsaServiceRecaudacionApplication using Java 25.0.2 with PID 47212 (D:\Proyecto\MEF\03-dev\_msa-arquetipo-Inter-SUNAT\msa-service-recaudacion\build\classes\java\main started by USER in D:\Proyecto\MEF\03-dev\_msa-arquetipo-Inter-SUNAT\msa-service-recaudacion)
2026-05-11 14:21:40.547 [main] INFO  p.g.m.r.MsaServiceRecaudacionApplication - No active profile set, falling back to 1 default profile: "default"
2026-05-11 14:21:42.251 [main] INFO  o.s.boot.tomcat.TomcatWebServer - Tomcat initialized with port 443 (http)
2026-05-11 14:21:42.267 [main] INFO  o.a.coyote.http11.Http11NioProtocol - Initializing ProtocolHandler ["http-nio-443"]
2026-05-11 14:21:42.270 [main] INFO  o.a.catalina.core.StandardService - Starting service [Tomcat]
2026-05-11 14:21:42.270 [main] INFO  o.a.catalina.core.StandardEngine - Starting Servlet engine: [Apache Tomcat/11.0.14]
2026-05-11 14:21:42.332 [main] INFO  o.s.b.w.c.s.WebApplicationContextInitializer - Root WebApplicationContext: initialization completed in 1746 ms
2026-05-11 14:21:44.587 [main] INFO  o.s.v.b.OptionalValidatorFactoryBean - Failed to set up a Bean Validation provider: jakarta.validation.NoProviderFoundException: Unable to create a Configuration, because no Jakarta Validation provider could be found. Add a provider like Hibernate Validator (RI) to your classpath.
2026-05-11 14:21:44.872 [main] INFO  o.a.coyote.http11.Http11NioProtocol - Starting ProtocolHandler ["http-nio-443"]
2026-05-11 14:21:44.899 [main] INFO  o.s.boot.tomcat.TomcatWebServer - Tomcat started on port 443 (http) with context path '/'
2026-05-11 14:21:44.905 [main] INFO  p.g.m.r.MsaServiceRecaudacionApplication - Started MsaServiceRecaudacionApplication in 4.94 seconds (process running for 5.337)
2026-05-11 14:29:29.351 [main] INFO  p.g.m.r.MsaServiceRecaudacionApplication - Starting MsaServiceRecaudacionApplication using Java 25.0.2 with PID 26172 (D:\Proyecto\MEF\03-dev\_msa-arquetipo-Inter-SUNAT\msa-service-recaudacion\build\classes\java\main started by USER in D:\Proyecto\MEF\03-dev\_msa-arquetipo-Inter-SUNAT\msa-service-recaudacion)
2026-05-11 14:29:29.354 [main] INFO  p.g.m.r.MsaServiceRecaudacionApplication - No active profile set, falling back to 1 default profile: "default"
2026-05-11 14:29:30.754 [main] INFO  o.s.boot.tomcat.TomcatWebServer - Tomcat initialized with port 443 (http)
2026-05-11 14:29:30.776 [main] INFO  o.a.coyote.http11.Http11NioProtocol - Initializing ProtocolHandler ["http-nio-443"]
2026-05-11 14:29:30.780 [main] INFO  o.a.catalina.core.StandardService - Starting service [Tomcat]
2026-05-11 14:29:30.781 [main] INFO  o.a.catalina.core.StandardEngine - Starting Servlet engine: [Apache Tomcat/11.0.14]
2026-05-11 14:29:30.866 [main] INFO  o.s.b.w.c.s.WebApplicationContextInitializer - Root WebApplicationContext: initialization completed in 1449 ms
2026-05-11 14:29:33.470 [main] INFO  o.s.v.b.OptionalValidatorFactoryBean - Failed to set up a Bean Validation provider: jakarta.validation.NoProviderFoundException: Unable to create a Configuration, because no Jakarta Validation provider could be found. Add a provider like Hibernate Validator (RI) to your classpath.
2026-05-11 14:29:33.710 [main] INFO  o.a.coyote.http11.Http11NioProtocol - Starting ProtocolHandler ["http-nio-443"]
2026-05-11 14:29:33.735 [main] INFO  o.s.boot.tomcat.TomcatWebServer - Tomcat started on port 443 (http) with context path '/'
2026-05-11 14:29:33.805 [main] INFO  p.g.m.r.MsaServiceRecaudacionApplication - Started MsaServiceRecaudacionApplication in 5.225 seconds (process running for 5.661)
2026-05-11 14:29:46.203 [http-nio-443-exec-1] INFO  o.a.tomcat.util.http.parser.Cookie - A cookie header was received [g_state={"i_l":0,"i_ll":1778387221528,"i_e":{"enable_itp_optimization":23},"i_et":1778133609885,"i_b":"DXW3Yop/N3aerap7fSbVpiLSyr0GQ6Oiu4aHIgptaiE"}] that contained an invalid cookie. That cookie will be ignored.
 Note: further occurrences of this error will be logged at DEBUG level.
2026-05-11 14:29:46.210 [http-nio-443-exec-1] INFO  o.a.c.c.C.[Tomcat].[localhost].[/] - Initializing Spring DispatcherServlet 'dispatcherServlet'
2026-05-11 14:29:47.465 [http-nio-443-exec-9] INFO  o.s.api.AbstractOpenApiResource - Init duration for springdoc-openapi is: 533 ms
2026-05-11 14:36:26.378 [main] INFO  p.g.m.r.MsaServiceRecaudacionApplication - Starting MsaServiceRecaudacionApplication using Java 25.0.2 with PID 20112 (D:\Proyecto\MEF\03-dev\_msa-arquetipo-Inter-SUNAT\msa-service-recaudacion\build\classes\java\main started by USER in D:\Proyecto\MEF\03-dev\_msa-arquetipo-Inter-SUNAT\msa-service-recaudacion)
2026-05-11 14:36:26.381 [main] INFO  p.g.m.r.MsaServiceRecaudacionApplication - No active profile set, falling back to 1 default profile: "default"
2026-05-11 14:36:27.631 [main] INFO  o.s.boot.tomcat.TomcatWebServer - Tomcat initialized with port 443 (http)
2026-05-11 14:36:27.643 [main] INFO  o.a.coyote.http11.Http11NioProtocol - Initializing ProtocolHandler ["http-nio-443"]
2026-05-11 14:36:27.645 [main] INFO  o.a.catalina.core.StandardService - Starting service [Tomcat]
2026-05-11 14:36:27.646 [main] INFO  o.a.catalina.core.StandardEngine - Starting Servlet engine: [Apache Tomcat/11.0.14]
2026-05-11 14:36:27.711 [main] INFO  o.s.b.w.c.s.WebApplicationContextInitializer - Root WebApplicationContext: initialization completed in 1286 ms
2026-05-11 14:36:30.327 [main] INFO  o.s.v.b.OptionalValidatorFactoryBean - Failed to set up a Bean Validation provider: jakarta.validation.NoProviderFoundException: Unable to create a Configuration, because no Jakarta Validation provider could be found. Add a provider like Hibernate Validator (RI) to your classpath.
2026-05-11 14:36:30.539 [main] INFO  o.a.coyote.http11.Http11NioProtocol - Starting ProtocolHandler ["http-nio-443"]
2026-05-11 14:36:30.560 [main] INFO  o.s.boot.tomcat.TomcatWebServer - Tomcat started on port 443 (http) with context path '/'
2026-05-11 14:36:30.569 [main] INFO  p.g.m.r.MsaServiceRecaudacionApplication - Started MsaServiceRecaudacionApplication in 4.68 seconds (process running for 5.043)
2026-05-11 14:36:39.238 [http-nio-443-exec-1] INFO  o.a.c.c.C.[Tomcat].[localhost].[/] - Initializing Spring DispatcherServlet 'dispatcherServlet'
2026-05-11 14:37:15.953 [http-nio-443-exec-5] WARN  p.g.m.r.a.u.ProcesarConciliacionUseCaseImpl - [conciliacion] Llamada recibida fuera de la ventana horaria permitida (00:00-00:30). Hora actual: 14:37:15.953558100. En producción esta solicitud sería rechazada.
2026-05-11 14:37:15.961 [http-nio-443-exec-5] INFO  p.g.m.r.i.o.f.ConciliacionFileWriter - [conciliacion] Metadatos registrados en .\data\conciliaciones-recibidas.jsonl – archivo: ACR_MEF_SUNAT_20260511.txt, lineas: 12
2026-05-11 14:37:15.968 [virtual-56] INFO  p.g.m.r.i.o.f.ConciliacionFileWriter - [conciliacion] Archivo plano guardado: .\data\conciliaciones\ACR_MEF_SUNAT_20260511.txt (672 bytes)
2026-05-11 14:38:38.362 [http-nio-443-exec-7] INFO  o.a.tomcat.util.http.parser.Cookie - A cookie header was received [g_state={"i_l":0,"i_ll":1778387221528,"i_e":{"enable_itp_optimization":23},"i_et":1778133609885,"i_b":"DXW3Yop/N3aerap7fSbVpiLSyr0GQ6Oiu4aHIgptaiE"}] that contained an invalid cookie. That cookie will be ignored.
 Note: further occurrences of this error will be logged at DEBUG level.
2026-05-11 14:38:39.537 [http-nio-443-exec-5] INFO  o.s.api.AbstractOpenApiResource - Init duration for springdoc-openapi is: 556 ms
2026-05-11 14:53:38.818 [http-nio-443-exec-8] INFO  o.s.api.AbstractOpenApiResource - Init duration for springdoc-openapi is: 237 ms
2026-05-11 15:05:00.162 [Test worker] INFO  p.g.m.r.MsaServiceRecaudacionIntegrationTest - Starting MsaServiceRecaudacionIntegrationTest using Java 25.0.2 with PID 43908 (started by USER in D:\Proyecto\MEF\03-dev\_msa-arquetipo-Inter-SUNAT\msa-service-recaudacion)
2026-05-11 15:05:00.164 [Test worker] INFO  p.g.m.r.MsaServiceRecaudacionIntegrationTest - No active profile set, falling back to 1 default profile: "default"
2026-05-11 15:05:01.500 [Test worker] INFO  o.s.boot.tomcat.TomcatWebServer - Tomcat initialized with port 0 (http)
2026-05-11 15:05:01.519 [Test worker] INFO  o.a.coyote.http11.Http11NioProtocol - Initializing ProtocolHandler ["http-nio-auto-1"]
2026-05-11 15:05:01.523 [Test worker] INFO  o.a.catalina.core.StandardService - Starting service [Tomcat]
2026-05-11 15:05:01.524 [Test worker] INFO  o.a.catalina.core.StandardEngine - Starting Servlet engine: [Apache Tomcat/11.0.14]
2026-05-11 15:05:01.603 [Test worker] INFO  o.s.b.w.c.s.WebApplicationContextInitializer - Root WebApplicationContext: initialization completed in 1411 ms
2026-05-11 15:05:02.828 [Test worker] INFO  o.s.v.b.OptionalValidatorFactoryBean - Failed to set up a Bean Validation provider: jakarta.validation.NoProviderFoundException: Unable to create a Configuration, because no Jakarta Validation provider could be found. Add a provider like Hibernate Validator (RI) to your classpath.
2026-05-11 15:05:03.115 [Test worker] INFO  o.a.coyote.http11.Http11NioProtocol - Starting ProtocolHandler ["http-nio-auto-1"]
2026-05-11 15:05:03.128 [Test worker] INFO  o.s.boot.tomcat.TomcatWebServer - Tomcat started on port 50819 (http) with context path '/'
2026-05-11 15:05:03.137 [Test worker] INFO  p.g.m.r.MsaServiceRecaudacionIntegrationTest - Started MsaServiceRecaudacionIntegrationTest in 3.422 seconds (process running for 5.06)
2026-05-11 15:05:04.153 [http-nio-auto-1-exec-1] INFO  o.a.c.c.C.[Tomcat].[localhost].[/] - Initializing Spring DispatcherServlet 'dispatcherServlet'
2026-05-11 15:05:04.766 [http-nio-auto-1-exec-4] INFO  p.g.m.r.i.o.f.ReporteRecaudacionFileWriter - [analisis] REPORTE_RECAUDACION guardado en .\data\reportes-recibidos.jsonl
2026-05-11 15:05:05.178 [Test worker] INFO  o.s.t.c.s.AnnotationConfigContextLoaderUtils - Could not detect default configuration classes for test class [pe.gob.mef.recaudacion.infrastructure.in.web.ReporteRecaudacionControllerTest]: ReporteRecaudacionControllerTest does not declare any static, non-private, non-final, nested classes annotated with @Configuration.
2026-05-11 15:05:05.221 [Test worker] INFO  o.s.b.t.c.SpringBootTestContextBootstrapper - Found @SpringBootConfiguration pe.gob.mef.recaudacion.MsaServiceRecaudacionApplication for test class pe.gob.mef.recaudacion.infrastructure.in.web.ReporteRecaudacionControllerTest
2026-05-11 15:05:05.289 [Test worker] INFO  p.g.m.r.i.i.w.ReporteRecaudacionControllerTest - Starting ReporteRecaudacionControllerTest using Java 25.0.2 with PID 43908 (started by USER in D:\Proyecto\MEF\03-dev\_msa-arquetipo-Inter-SUNAT\msa-service-recaudacion)
2026-05-11 15:05:05.290 [Test worker] INFO  p.g.m.r.i.i.w.ReporteRecaudacionControllerTest - No active profile set, falling back to 1 default profile: "default"
2026-05-11 15:05:06.132 [virtual-69] INFO  p.g.m.r.i.o.f.ReporteRecaudacionFileWriter - [analisis] Excel actualizado: .\data\reportes.xlsx (1 RR, 0 ND)
2026-05-11 15:05:06.245 [Test worker] INFO  o.s.v.b.OptionalValidatorFactoryBean - Failed to set up a Bean Validation provider: jakarta.validation.NoProviderFoundException: Unable to create a Configuration, because no Jakarta Validation provider could be found. Add a provider like Hibernate Validator (RI) to your classpath.
2026-05-11 15:05:06.338 [Test worker] INFO  p.g.m.r.i.i.w.ReporteRecaudacionControllerTest - Started ReporteRecaudacionControllerTest in 1.106 seconds (process running for 8.26)
2026-05-11 15:05:06.374 [Test worker] INFO  o.s.b.t.m.w.SpringBootMockServletContext - Initializing Spring TestDispatcherServlet ''
2026-05-11 15:05:06.375 [Test worker] INFO  o.s.t.w.s.TestDispatcherServlet - Initializing Servlet ''
2026-05-11 15:05:06.377 [Test worker] INFO  o.s.t.w.s.TestDispatcherServlet - Completed initialization in 2 ms
2026-05-11 15:05:06.418 [Test worker] INFO  p.g.m.r.i.o.f.ReporteRecaudacionFileWriter - [analisis] REPORTE_RECAUDACION guardado en .\data\reportes-recibidos.jsonl
2026-05-11 15:05:06.501 [Test worker] INFO  o.s.b.t.m.w.SpringBootMockServletContext - Initializing Spring TestDispatcherServlet ''
2026-05-11 15:05:06.503 [Test worker] INFO  o.s.t.w.s.TestDispatcherServlet - Initializing Servlet ''
2026-05-11 15:05:06.504 [Test worker] INFO  o.s.t.w.s.TestDispatcherServlet - Completed initialization in 1 ms
2026-05-11 15:05:06.509 [virtual-82] INFO  p.g.m.r.i.o.f.ReporteRecaudacionFileWriter - [analisis] Excel actualizado: .\data\reportes.xlsx (2 RR, 0 ND)
2026-05-11 15:05:06.514 [Test worker] INFO  o.s.b.t.m.w.SpringBootMockServletContext - Initializing Spring TestDispatcherServlet ''
2026-05-11 15:05:06.514 [Test worker] INFO  o.s.t.w.s.TestDispatcherServlet - Initializing Servlet ''
2026-05-11 15:05:06.516 [Test worker] INFO  o.s.t.w.s.TestDispatcherServlet - Completed initialization in 1 ms
2026-05-11 15:05:06.537 [Test worker] INFO  o.s.b.t.m.w.SpringBootMockServletContext - Initializing Spring TestDispatcherServlet ''
2026-05-11 15:05:06.537 [Test worker] INFO  o.s.t.w.s.TestDispatcherServlet - Initializing Servlet ''
2026-05-11 15:05:06.538 [Test worker] INFO  o.s.t.w.s.TestDispatcherServlet - Completed initialization in 1 ms
2026-05-11 15:05:06.592 [SpringApplicationShutdownHook] INFO  o.s.boot.tomcat.GracefulShutdown - Commencing graceful shutdown. Waiting for active requests to complete
2026-05-11 15:05:06.610 [tomcat-shutdown] INFO  o.s.boot.tomcat.GracefulShutdown - Graceful shutdown complete
